[www.kiprotichkimutai.dev/index.html]
[backblue.gif]
[fade.gif]
[index.html]
[www.kiprotichkimutai.dev/log.png]
[www.kiprotichkimutai.dev/_next/static/css/f7729172ff300519.css]
[www.kiprotichkimutai.dev/_next/static/chunks/webpack-59c5c889f52620d6.js]
[www.kiprotichkimutai.dev/_next/static/chunks/framework-2c79e2a64abdb08b.js]
[www.kiprotichkimutai.dev/_next/static/chunks/polyfills-c67a75d1b6f99dc8.js]
[www.kiprotichkimutai.dev/_next/static/chunks/pages/_app-1080b3660c618fe7.js]
[www.kiprotichkimutai.dev/_next/static/chunks/main-a0dca5a2ff5035f1.js]
[www.kiprotichkimutai.dev/_next/static/chunks/0c428ae2-b58ea3aff583effe.js]
[www.kiprotichkimutai.dev/_next/static/chunks/d0c16330-782c8420579c2cf5.js]
[www.kiprotichkimutai.dev/_next/static/chunks/252f366e-c93761d9db2d1259.js]
[www.kiprotichkimutai.dev/_next/static/chunks/95b64a6e-94437d2d43e9f43d.js]
[www.kiprotichkimutai.dev/_next/static/chunks/1bfc9850-b36363caa78a9630.js]
[www.kiprotichkimutai.dev/_next/static/chunks/c31f1870-232030ad2de98719.js]
[www.kiprotichkimutai.dev/_next/static/chunks/1a48c3c1-9e64a6bd48482557.js]
[www.kiprotichkimutai.dev/_next/static/chunks/d7eeaac4-705b18dfa69026e8.js]
[www.kiprotichkimutai.dev/_next/static/chunks/865-e0a1a37519619900.js]
[www.kiprotichkimutai.dev/_next/static/chunks/483-9628a076b96b9dd2.js]
[www.kiprotichkimutai.dev/_next/static/chunks/pages/index-fef647812b5380ea.js]
[www.kiprotichkimutai.dev/_next/static/11Tq7uciXgA_sAFnULsRj/_buildManifest.js]
[www.kiprotichkimutai.dev/_next/static/11Tq7uciXgA_sAFnULsRj/_ssgManifest.js]
[www.kiprotichkimutai.dev/me.JPG]
[www.kiprotichkimutai.dev/kimutai.pdf]
[www.kiprotichkimutai.dev/_next/laptop-wave5edc.png]
[www.kiprotichkimutai.dev/_next/htmlceef.png]
[www.kiprotichkimutai.dev/_next/cssae96.png]
[www.kiprotichkimutai.dev/_next/javascript69a8.png]
[www.kiprotichkimutai.dev/_next/reacta164.png]
[www.kiprotichkimutai.dev/_next/phoec6a0.png]
[www.kiprotichkimutai.dev/_next/elixc75a.png]
[www.kiprotichkimutai.dev/next.svg]
[www.kiprotichkimutai.dev/_next/tailwind2a0b.png]
[www.kiprotichkimutai.dev/ticket]
[www.kiprotichkimutai.dev/tick2.jpg]
[www.kiprotichkimutai.dev/pataride]
[www.kiprotichkimutai.dev/car5.jpg]
[www.kiprotichkimutai.dev/lipiangoma]
[www.kiprotichkimutai.dev/dj1.jpg]
[www.kiprotichkimutai.dev/mche]
[www.kiprotichkimutai.dev/jkuatses]
[www.kiprotichkimutai.dev/ses.png]
[www.kiprotichkimutai.dev/vet]
[www.kiprotichkimutai.dev/mechanic]
[www.kiprotichkimutai.dev/mec.jpg]
[www.kiprotichkimutai.dev/lifeline]
[www.kiprotichkimutai.dev/lifeline.png]
[www.kiprotichkimutai.dev/valentine]
[www.kiprotichkimutai.dev/val1.jpg]
[www.kiprotichkimutai.dev/summertides]
[www.kiprotichkimutai.dev/summer.png]
[www.kiprotichkimutai.dev/nimrod]
[www.kiprotichkimutai.dev/engagepro.png]
[www.kiprotichkimutai.dev/peoples]
[www.kiprotichkimutai.dev/clau.jpg]
[www.kiprotichkimutai.dev/mechanical]
[www.kiprotichkimutai.dev/product]
[www.kiprotichkimutai.dev/product.png]
[www.kiprotichkimutai.dev/crypto]
[www.kiprotichkimutai.dev/kinywa]
[www.kiprotichkimutai.dev/knbs.jpeg]
[www.kiprotichkimutai.dev/USIU.jpeg]
[www.kiprotichkimutai.dev/Value.jpeg]
[www.kiprotichkimutai.dev/openi.jpg]
[www.kiprotichkimutai.dev/open.jpg]
[www.kiprotichkimutai.dev/mche.JPG]
[www.kiprotichkimutai.dev/ug.JPG]
[www.kiprotichkimutai.dev/knbs2.jpeg]
[uploads-ssl.webflow.com/5eb98b2079b4fc247b5a89f3/5eb99a5ca959aafef7674902_Testimonial 1.jpg]
[www.kiprotichkimutai.dev/index.html]
[www.kiprotichkimutai.dev/_next/static/css/f7729172ff300519.css]
[www.kiprotichkimutai.dev/next.svg]
[www.kiprotichkimutai.dev/_next/static/chunks/78e521c3-40aecffeb236941e.js]
[www.kiprotichkimutai.dev/_next/static/chunks/pages/ticket-b19ab1edf4bea91d.js]
[www.kiprotichkimutai.dev/kultureke.png]
[www.kiprotichkimutai.dev/ticket]
[www.kiprotichkimutai.dev/_next/static/chunks/pages/pataride-27106907aae84754.js]
[www.kiprotichkimutai.dev/car2.jpg]
[www.kiprotichkimutai.dev/pataride]
[www.kiprotichkimutai.dev/lipiangoma]
[www.kiprotichkimutai.dev/_next/static/chunks/pages/lipiangoma-15571c11f4cac046.js]
[www.kiprotichkimutai.dev/_next/static/chunks/pages/mche-c6c266beaae51c1f.js]
[www.kiprotichkimutai.dev/_next/static/videos/mche.mp4]
[www.kiprotichkimutai.dev/mche]
[www.kiprotichkimutai.dev/_next/static/chunks/pages/jkuatses-42d6bb922682dc55.js]
[www.kiprotichkimutai.dev/ses2.png]
[www.kiprotichkimutai.dev/jkuatses]
[www.kiprotichkimutai.dev/_next/static/chunks/pages/vet-233f784c63556227.js]
[www.kiprotichkimutai.dev/_next/static/videos/vet.mp4]
[www.kiprotichkimutai.dev/vet]
[www.kiprotichkimutai.dev/_next/static/chunks/pages/mechanic-30133769b3b98da4.js]
[www.kiprotichkimutai.dev/_next/static/videos/mech.mp4]
[www.kiprotichkimutai.dev/mechanic]
[www.kiprotichkimutai.dev/_next/static/chunks/pages/lifeline-4f9af3c60ed6f031.js]
[www.kiprotichkimutai.dev/_next/static/videos/lifeline.mp4]
[www.kiprotichkimutai.dev/lifeline]
[www.kiprotichkimutai.dev/_next/static/chunks/pages/valentine-6a0f9f4288d7595d.js]
[www.kiprotichkimutai.dev/valentine]
[www.kiprotichkimutai.dev/_next/static/chunks/pages/summertides-27feb0b00046e415.js]
[www.kiprotichkimutai.dev/summertides]
[www.kiprotichkimutai.dev/nimrod]
[www.kiprotichkimutai.dev/_next/static/chunks/pages/nimrod-4aab11de068e3874.js]
[www.kiprotichkimutai.dev/_next/static/chunks/pages/peoples-f710edba55faf6da.js]
[www.kiprotichkimutai.dev/_next/static/videos/peoples.mp4]
[www.kiprotichkimutai.dev/peoples]
[www.kiprotichkimutai.dev/_next/static/chunks/pages/mechanical-2e140001aa55fa77.js]
[www.kiprotichkimutai.dev/_next/static/videos/ecommerce.mp4]
[www.kiprotichkimutai.dev/mechanical]
[www.kiprotichkimutai.dev/_next/static/chunks/pages/product-65ae1084052520a8.js]
[www.kiprotichkimutai.dev/_next/static/videos/shp.mp4]
[www.kiprotichkimutai.dev/product]
[www.kiprotichkimutai.dev/_next/static/chunks/pages/crypto-8ae77913015015e6.js]
[www.kiprotichkimutai.dev/_next/static/videos/thinkopal-beats.mp4]
[www.kiprotichkimutai.dev/crypto]
[www.kiprotichkimutai.dev/_next/static/chunks/pages/kinywa-03bd9096f838cf64.js]
[www.kiprotichkimutai.dev/_next/static/videos/kin.mp4]
[www.kiprotichkimutai.dev/kinywa]
